Archive member included because of file (symbol)

e:/courses/embeeded system iti/iti training programms/atmel studio/extensions/atmel/avrgcc/3.4.1.95/avrtoolchain/bin/../lib/gcc/avr/4.6.2/avr5\libgcc.a(_udivmodsi4.o)
                              HAL/LCD/LCD_prg.o (__udivmodsi4)
e:/courses/embeeded system iti/iti training programms/atmel studio/extensions/atmel/avrgcc/3.4.1.95/avrtoolchain/bin/../lib/gcc/avr/4.6.2/avr5\libgcc.a(_exit.o)
                              e:/courses/embeeded system iti/iti training programms/atmel studio/extensions/atmel/avrgcc/3.4.1.95/avrtoolchain/bin/../lib/gcc/avr/4.6.2/../../../../avr/lib/avr5/crtm32.o (exit)
e:/courses/embeeded system iti/iti training programms/atmel studio/extensions/atmel/avrgcc/3.4.1.95/avrtoolchain/bin/../lib/gcc/avr/4.6.2/avr5\libgcc.a(_copy_data.o)
                              App/The Safe.o (__do_copy_data)
e:/courses/embeeded system iti/iti training programms/atmel studio/extensions/atmel/avrgcc/3.4.1.95/avrtoolchain/bin/../lib/gcc/avr/4.6.2/avr5\libgcc.a(_clear_bss.o)
                              App/The Safe.o (__do_clear_bss)

Memory Configuration

Name             Origin             Length             Attributes
text             0x00000000         0x00020000         xr
data             0x00800060         0x0000ffa0         rw !x
eeprom           0x00810000         0x00010000         rw !x
fuse             0x00820000         0x00000400         rw !x
lock             0x00830000         0x00000400         rw !x
signature        0x00840000         0x00000400         rw !x
*default*        0x00000000         0xffffffff

Linker script and memory map

LOAD e:/courses/embeeded system iti/iti training programms/atmel studio/extensions/atmel/avrgcc/3.4.1.95/avrtoolchain/bin/../lib/gcc/avr/4.6.2/../../../../avr/lib/avr5/crtm32.o
LOAD App/The Safe.o
LOAD HAL/KeyPad/KEYPAD_cfg.o
LOAD HAL/KeyPad/KEYPAD_prg.o
LOAD HAL/LCD/LCD_prg.o
LOAD HAL/PORT/PORT_prg.o
LOAD MCAL/DIO/DIO_prg.o
LOAD MCAL/EEPROM/EEPROM_prg.o
START GROUP
LOAD e:/courses/embeeded system iti/iti training programms/atmel studio/extensions/atmel/avrgcc/3.4.1.95/avrtoolchain/bin/../lib/gcc/avr/4.6.2/../../../../avr/lib/avr5\libm.a
END GROUP
LOAD e:/courses/embeeded system iti/iti training programms/atmel studio/extensions/atmel/avrgcc/3.4.1.95/avrtoolchain/bin/../lib/gcc/avr/4.6.2/avr5\libgcc.a
LOAD e:/courses/embeeded system iti/iti training programms/atmel studio/extensions/atmel/avrgcc/3.4.1.95/avrtoolchain/bin/../lib/gcc/avr/4.6.2/../../../../avr/lib/avr5\libc.a
LOAD e:/courses/embeeded system iti/iti training programms/atmel studio/extensions/atmel/avrgcc/3.4.1.95/avrtoolchain/bin/../lib/gcc/avr/4.6.2/avr5\libgcc.a

.hash
 *(.hash)

.dynsym
 *(.dynsym)

.dynstr
 *(.dynstr)

.gnu.version
 *(.gnu.version)

.gnu.version_d
 *(.gnu.version_d)

.gnu.version_r
 *(.gnu.version_r)

.rel.init
 *(.rel.init)

.rela.init
 *(.rela.init)

.rel.text
 *(.rel.text)
 *(.rel.text.*)
 *(.rel.gnu.linkonce.t*)

.rela.text
 *(.rela.text)
 *(.rela.text.*)
 *(.rela.gnu.linkonce.t*)

.rel.fini
 *(.rel.fini)

.rela.fini
 *(.rela.fini)

.rel.rodata
 *(.rel.rodata)
 *(.rel.rodata.*)
 *(.rel.gnu.linkonce.r*)

.rela.rodata
 *(.rela.rodata)
 *(.rela.rodata.*)
 *(.rela.gnu.linkonce.r*)

.rel.data
 *(.rel.data)
 *(.rel.data.*)
 *(.rel.gnu.linkonce.d*)

.rela.data
 *(.rela.data)
 *(.rela.data.*)
 *(.rela.gnu.linkonce.d*)

.rel.ctors
 *(.rel.ctors)

.rela.ctors
 *(.rela.ctors)

.rel.dtors
 *(.rel.dtors)

.rela.dtors
 *(.rela.dtors)

.rel.got
 *(.rel.got)

.rela.got
 *(.rela.got)

.rel.bss
 *(.rel.bss)

.rela.bss
 *(.rela.bss)

.rel.plt
 *(.rel.plt)

.rela.plt
 *(.rela.plt)

.text           0x00000000      0xe3e
 *(.vectors)
 .vectors       0x00000000       0x54 e:/courses/embeeded system iti/iti training programms/atmel studio/extensions/atmel/avrgcc/3.4.1.95/avrtoolchain/bin/../lib/gcc/avr/4.6.2/../../../../avr/lib/avr5/crtm32.o
                0x00000000                __vector_default
                0x00000000                __vectors
 *(.vectors)
 *(.progmem.gcc*)
 *(.progmem*)
                0x00000054                . = ALIGN (0x2)
                0x00000054                __trampolines_start = .
 *(.trampolines)
 .trampolines   0x00000054        0x0 linker stubs
 *(.trampolines*)
                0x00000054                __trampolines_end = .
 *(.jumptables)
 *(.jumptables*)
 *(.lowtext)
 *(.lowtext*)
                0x00000054                __ctors_start = .
 *(.ctors)
                0x00000054                __ctors_end = .
                0x00000054                __dtors_start = .
 *(.dtors)
                0x00000054                __dtors_end = .
 SORT(*)(.ctors)
 SORT(*)(.dtors)
 *(.init0)
 .init0         0x00000054        0x0 e:/courses/embeeded system iti/iti training programms/atmel studio/extensions/atmel/avrgcc/3.4.1.95/avrtoolchain/bin/../lib/gcc/avr/4.6.2/../../../../avr/lib/avr5/crtm32.o
                0x00000054                __init
 *(.init0)
 *(.init1)
 *(.init1)
 *(.init2)
 .init2         0x00000054        0xc e:/courses/embeeded system iti/iti training programms/atmel studio/extensions/atmel/avrgcc/3.4.1.95/avrtoolchain/bin/../lib/gcc/avr/4.6.2/../../../../avr/lib/avr5/crtm32.o
 *(.init2)
 *(.init3)
 *(.init3)
 *(.init4)
 .init4         0x00000060       0x16 e:/courses/embeeded system iti/iti training programms/atmel studio/extensions/atmel/avrgcc/3.4.1.95/avrtoolchain/bin/../lib/gcc/avr/4.6.2/avr5\libgcc.a(_copy_data.o)
                0x00000060                __do_copy_data
 .init4         0x00000076       0x10 e:/courses/embeeded system iti/iti training programms/atmel studio/extensions/atmel/avrgcc/3.4.1.95/avrtoolchain/bin/../lib/gcc/avr/4.6.2/avr5\libgcc.a(_clear_bss.o)
                0x00000076                __do_clear_bss
 *(.init4)
 *(.init5)
 *(.init5)
 *(.init6)
 *(.init6)
 *(.init7)
 *(.init7)
 *(.init8)
 *(.init8)
 *(.init9)
 .init9         0x00000086        0x8 e:/courses/embeeded system iti/iti training programms/atmel studio/extensions/atmel/avrgcc/3.4.1.95/avrtoolchain/bin/../lib/gcc/avr/4.6.2/../../../../avr/lib/avr5/crtm32.o
 *(.init9)
 *(.text)
 .text          0x0000008e        0x4 e:/courses/embeeded system iti/iti training programms/atmel studio/extensions/atmel/avrgcc/3.4.1.95/avrtoolchain/bin/../lib/gcc/avr/4.6.2/../../../../avr/lib/avr5/crtm32.o
                0x0000008e                __vector_1
                0x0000008e                __vector_12
                0x0000008e                __bad_interrupt
                0x0000008e                __vector_6
                0x0000008e                __vector_3
                0x0000008e                __vector_11
                0x0000008e                __vector_13
                0x0000008e                __vector_17
                0x0000008e                __vector_19
                0x0000008e                __vector_7
                0x0000008e                __vector_5
                0x0000008e                __vector_4
                0x0000008e                __vector_9
                0x0000008e                __vector_2
                0x0000008e                __vector_15
                0x0000008e                __vector_8
                0x0000008e                __vector_14
                0x0000008e                __vector_10
                0x0000008e                __vector_16
                0x0000008e                __vector_18
                0x0000008e                __vector_20
 .text          0x00000092      0x3b2 App/The Safe.o
                0x00000092                main
 .text          0x00000444        0x0 HAL/KeyPad/KEYPAD_cfg.o
 .text          0x00000444      0x156 HAL/KeyPad/KEYPAD_prg.o
                0x00000444                KEYPAD_vidInit
                0x0000044a                KEYPAD_enuGetPressedKey
 .text          0x0000059a      0x4e4 HAL/LCD/LCD_prg.o
                0x000005bc                LCD_enuSendCharacter
                0x00000682                LCD_enuSendInstruction
                0x0000074a                LCD_VidInit
                0x000007a6                LCD_enuGoTo
                0x000007dc                LCD_enuSendString
                0x00000806                LCD_enuSendCustomCharacter
                0x0000088e                LCD_enuSendNumber
                0x0000094c                LCD_vidPrintMyName
 .text          0x00000a7e        0x6 HAL/PORT/PORT_prg.o
                0x00000a7e                PORT_vidInit
 .text          0x00000a84      0x354 MCAL/DIO/DIO_prg.o
                0x00000a84                DIO_vidInit
                0x00000a9c                DIO_enuSetPinValue
                0x00000bc8                DIO_enuGetPinValue
                0x00000c70                DIO_enuSetPortValue
                0x00000ca6                DIO_enuGetPortValue
                0x00000cf6                DIO_enuTogglePort
                0x00000d3c                DIO_enuTogglePin
 .text          0x00000dd8       0x1e MCAL/EEPROM/EEPROM_prg.o
                0x00000dd8                EEPROM_enuWriteData
                0x00000dec                EEPROM_u8ReadeData
 .text          0x00000df6        0x0 e:/courses/embeeded system iti/iti training programms/atmel studio/extensions/atmel/avrgcc/3.4.1.95/avrtoolchain/bin/../lib/gcc/avr/4.6.2/avr5\libgcc.a(_udivmodsi4.o)
 .text          0x00000df6        0x0 e:/courses/embeeded system iti/iti training programms/atmel studio/extensions/atmel/avrgcc/3.4.1.95/avrtoolchain/bin/../lib/gcc/avr/4.6.2/avr5\libgcc.a(_exit.o)
 .text          0x00000df6        0x0 e:/courses/embeeded system iti/iti training programms/atmel studio/extensions/atmel/avrgcc/3.4.1.95/avrtoolchain/bin/../lib/gcc/avr/4.6.2/avr5\libgcc.a(_copy_data.o)
 .text          0x00000df6        0x0 e:/courses/embeeded system iti/iti training programms/atmel studio/extensions/atmel/avrgcc/3.4.1.95/avrtoolchain/bin/../lib/gcc/avr/4.6.2/avr5\libgcc.a(_clear_bss.o)
                0x00000df6                . = ALIGN (0x2)
 *(.text.*)
 .text.libgcc   0x00000df6       0x44 e:/courses/embeeded system iti/iti training programms/atmel studio/extensions/atmel/avrgcc/3.4.1.95/avrtoolchain/bin/../lib/gcc/avr/4.6.2/avr5\libgcc.a(_udivmodsi4.o)
                0x00000df6                __udivmodsi4
 .text.libgcc   0x00000e3a        0x0 e:/courses/embeeded system iti/iti training programms/atmel studio/extensions/atmel/avrgcc/3.4.1.95/avrtoolchain/bin/../lib/gcc/avr/4.6.2/avr5\libgcc.a(_exit.o)
 .text.libgcc   0x00000e3a        0x0 e:/courses/embeeded system iti/iti training programms/atmel studio/extensions/atmel/avrgcc/3.4.1.95/avrtoolchain/bin/../lib/gcc/avr/4.6.2/avr5\libgcc.a(_copy_data.o)
 .text.libgcc   0x00000e3a        0x0 e:/courses/embeeded system iti/iti training programms/atmel studio/extensions/atmel/avrgcc/3.4.1.95/avrtoolchain/bin/../lib/gcc/avr/4.6.2/avr5\libgcc.a(_clear_bss.o)
                0x00000e3a                . = ALIGN (0x2)
 *(.fini9)
 .fini9         0x00000e3a        0x0 e:/courses/embeeded system iti/iti training programms/atmel studio/extensions/atmel/avrgcc/3.4.1.95/avrtoolchain/bin/../lib/gcc/avr/4.6.2/avr5\libgcc.a(_exit.o)
                0x00000e3a                _exit
                0x00000e3a                exit
 *(.fini9)
 *(.fini8)
 *(.fini8)
 *(.fini7)
 *(.fini7)
 *(.fini6)
 *(.fini6)
 *(.fini5)
 *(.fini5)
 *(.fini4)
 *(.fini4)
 *(.fini3)
 *(.fini3)
 *(.fini2)
 *(.fini2)
 *(.fini1)
 *(.fini1)
 *(.fini0)
 .fini0         0x00000e3a        0x4 e:/courses/embeeded system iti/iti training programms/atmel studio/extensions/atmel/avrgcc/3.4.1.95/avrtoolchain/bin/../lib/gcc/avr/4.6.2/avr5\libgcc.a(_exit.o)
 *(.fini0)
                0x00000e3e                _etext = .

.data           0x00800060       0xbe load address 0x00000e3e
                0x00800060                PROVIDE (__data_start, .)
 *(.data)
 .data          0x00800060        0x0 e:/courses/embeeded system iti/iti training programms/atmel studio/extensions/atmel/avrgcc/3.4.1.95/avrtoolchain/bin/../lib/gcc/avr/4.6.2/../../../../avr/lib/avr5/crtm32.o
 .data          0x00800060       0x9b App/The Safe.o
 .data          0x008000fb       0x22 HAL/KeyPad/KEYPAD_cfg.o
                0x008000fb                KEYPAD_au8ColsPORT
                0x008000ff                KEYPAD_au8ColsPins
                0x00800103                KEYPAD_au8RowsPORT
                0x00800107                KEYPAD_au8RowsPins
                0x0080010b                KEYPAD_au8Buttons
                0x0080011b                col
                0x0080011c                row
 .data          0x0080011d        0x0 HAL/KeyPad/KEYPAD_prg.o
 .data          0x0080011d        0x0 HAL/LCD/LCD_prg.o
 .data          0x0080011d        0x0 HAL/PORT/PORT_prg.o
 .data          0x0080011d        0x0 MCAL/DIO/DIO_prg.o
 .data          0x0080011d        0x0 MCAL/EEPROM/EEPROM_prg.o
 .data          0x0080011d        0x0 e:/courses/embeeded system iti/iti training programms/atmel studio/extensions/atmel/avrgcc/3.4.1.95/avrtoolchain/bin/../lib/gcc/avr/4.6.2/avr5\libgcc.a(_udivmodsi4.o)
 .data          0x0080011d        0x0 e:/courses/embeeded system iti/iti training programms/atmel studio/extensions/atmel/avrgcc/3.4.1.95/avrtoolchain/bin/../lib/gcc/avr/4.6.2/avr5\libgcc.a(_exit.o)
 .data          0x0080011d        0x0 e:/courses/embeeded system iti/iti training programms/atmel studio/extensions/atmel/avrgcc/3.4.1.95/avrtoolchain/bin/../lib/gcc/avr/4.6.2/avr5\libgcc.a(_copy_data.o)
 .data          0x0080011d        0x0 e:/courses/embeeded system iti/iti training programms/atmel studio/extensions/atmel/avrgcc/3.4.1.95/avrtoolchain/bin/../lib/gcc/avr/4.6.2/avr5\libgcc.a(_clear_bss.o)
 *(.data*)
 *(.rodata)
 *(.rodata*)
 *(.gnu.linkonce.d*)
                0x0080011e                . = ALIGN (0x2)
 *fill*         0x0080011d        0x1 00
                0x0080011e                _edata = .
                0x0080011e                PROVIDE (__data_end, .)

.bss            0x0080011e        0x0
                0x0080011e                PROVIDE (__bss_start, .)
 *(.bss)
 .bss           0x0080011e        0x0 e:/courses/embeeded system iti/iti training programms/atmel studio/extensions/atmel/avrgcc/3.4.1.95/avrtoolchain/bin/../lib/gcc/avr/4.6.2/../../../../avr/lib/avr5/crtm32.o
 .bss           0x0080011e        0x0 App/The Safe.o
 .bss           0x0080011e        0x0 HAL/KeyPad/KEYPAD_cfg.o
 .bss           0x0080011e        0x0 HAL/KeyPad/KEYPAD_prg.o
 .bss           0x0080011e        0x0 HAL/LCD/LCD_prg.o
 .bss           0x0080011e        0x0 HAL/PORT/PORT_prg.o
 .bss           0x0080011e        0x0 MCAL/DIO/DIO_prg.o
 .bss           0x0080011e        0x0 MCAL/EEPROM/EEPROM_prg.o
 .bss           0x0080011e        0x0 e:/courses/embeeded system iti/iti training programms/atmel studio/extensions/atmel/avrgcc/3.4.1.95/avrtoolchain/bin/../lib/gcc/avr/4.6.2/avr5\libgcc.a(_udivmodsi4.o)
 .bss           0x0080011e        0x0 e:/courses/embeeded system iti/iti training programms/atmel studio/extensions/atmel/avrgcc/3.4.1.95/avrtoolchain/bin/../lib/gcc/avr/4.6.2/avr5\libgcc.a(_exit.o)
 .bss           0x0080011e        0x0 e:/courses/embeeded system iti/iti training programms/atmel studio/extensions/atmel/avrgcc/3.4.1.95/avrtoolchain/bin/../lib/gcc/avr/4.6.2/avr5\libgcc.a(_copy_data.o)
 .bss           0x0080011e        0x0 e:/courses/embeeded system iti/iti training programms/atmel studio/extensions/atmel/avrgcc/3.4.1.95/avrtoolchain/bin/../lib/gcc/avr/4.6.2/avr5\libgcc.a(_clear_bss.o)
 *(.bss*)
 *(COMMON)
                0x0080011e                PROVIDE (__bss_end, .)
                0x00000e3e                __data_load_start = LOADADDR (.data)
                0x00000efc                __data_load_end = (__data_load_start + SIZEOF (.data))

.noinit         0x0080011e        0x0
                0x0080011e                PROVIDE (__noinit_start, .)
 *(.noinit*)
                0x0080011e                PROVIDE (__noinit_end, .)
                0x0080011e                _end = .
                0x0080011e                PROVIDE (__heap_start, .)

.eeprom         0x00810000        0x0
 *(.eeprom*)
                0x00810000                __eeprom_end = .

.fuse
 *(.fuse)
 *(.lfuse)
 *(.hfuse)
 *(.efuse)

.lock
 *(.lock*)

.signature
 *(.signature*)

.stab           0x00000000      0x6cc
 *(.stab)
 .stab          0x00000000      0x6cc e:/courses/embeeded system iti/iti training programms/atmel studio/extensions/atmel/avrgcc/3.4.1.95/avrtoolchain/bin/../lib/gcc/avr/4.6.2/../../../../avr/lib/avr5/crtm32.o

.stabstr        0x00000000       0x85
 *(.stabstr)
 .stabstr       0x00000000       0x85 e:/courses/embeeded system iti/iti training programms/atmel studio/extensions/atmel/avrgcc/3.4.1.95/avrtoolchain/bin/../lib/gcc/avr/4.6.2/../../../../avr/lib/avr5/crtm32.o

.stab.excl
 *(.stab.excl)

.stab.exclstr
 *(.stab.exclstr)

.stab.index
 *(.stab.index)

.stab.indexstr
 *(.stab.indexstr)

.comment
 *(.comment)

.debug
 *(.debug)

.line
 *(.line)

.debug_srcinfo
 *(.debug_srcinfo)

.debug_sfnames
 *(.debug_sfnames)

.debug_aranges  0x00000000      0x140
 *(.debug_aranges)
 .debug_aranges
                0x00000000       0x20 App/The Safe.o
 .debug_aranges
                0x00000020       0x20 HAL/KeyPad/KEYPAD_prg.o
 .debug_aranges
                0x00000040       0x20 HAL/LCD/LCD_prg.o
 .debug_aranges
                0x00000060       0x20 HAL/PORT/PORT_prg.o
 .debug_aranges
                0x00000080       0x20 MCAL/DIO/DIO_prg.o
 .debug_aranges
                0x000000a0       0x20 MCAL/EEPROM/EEPROM_prg.o
 .debug_aranges
                0x000000c0       0x20 e:/courses/embeeded system iti/iti training programms/atmel studio/extensions/atmel/avrgcc/3.4.1.95/avrtoolchain/bin/../lib/gcc/avr/4.6.2/avr5\libgcc.a(_udivmodsi4.o)
 .debug_aranges
                0x000000e0       0x20 e:/courses/embeeded system iti/iti training programms/atmel studio/extensions/atmel/avrgcc/3.4.1.95/avrtoolchain/bin/../lib/gcc/avr/4.6.2/avr5\libgcc.a(_exit.o)
 .debug_aranges
                0x00000100       0x20 e:/courses/embeeded system iti/iti training programms/atmel studio/extensions/atmel/avrgcc/3.4.1.95/avrtoolchain/bin/../lib/gcc/avr/4.6.2/avr5\libgcc.a(_copy_data.o)
 .debug_aranges
                0x00000120       0x20 e:/courses/embeeded system iti/iti training programms/atmel studio/extensions/atmel/avrgcc/3.4.1.95/avrtoolchain/bin/../lib/gcc/avr/4.6.2/avr5\libgcc.a(_clear_bss.o)

.debug_pubnames
 *(.debug_pubnames)

.debug_info     0x00000000     0x14c7
 *(.debug_info)
 .debug_info    0x00000000      0x381 App/The Safe.o
 .debug_info    0x00000381      0x131 HAL/KeyPad/KEYPAD_cfg.o
 .debug_info    0x000004b2      0x1b9 HAL/KeyPad/KEYPAD_prg.o
 .debug_info    0x0000066b      0x6f9 HAL/LCD/LCD_prg.o
 .debug_info    0x00000d64       0x72 HAL/PORT/PORT_prg.o
 .debug_info    0x00000dd6      0x27b MCAL/DIO/DIO_prg.o
 .debug_info    0x00001051      0x102 MCAL/EEPROM/EEPROM_prg.o
 .debug_info    0x00001153       0xdd e:/courses/embeeded system iti/iti training programms/atmel studio/extensions/atmel/avrgcc/3.4.1.95/avrtoolchain/bin/../lib/gcc/avr/4.6.2/avr5\libgcc.a(_udivmodsi4.o)
 .debug_info    0x00001230       0xdd e:/courses/embeeded system iti/iti training programms/atmel studio/extensions/atmel/avrgcc/3.4.1.95/avrtoolchain/bin/../lib/gcc/avr/4.6.2/avr5\libgcc.a(_exit.o)
 .debug_info    0x0000130d       0xdd e:/courses/embeeded system iti/iti training programms/atmel studio/extensions/atmel/avrgcc/3.4.1.95/avrtoolchain/bin/../lib/gcc/avr/4.6.2/avr5\libgcc.a(_copy_data.o)
 .debug_info    0x000013ea       0xdd e:/courses/embeeded system iti/iti training programms/atmel studio/extensions/atmel/avrgcc/3.4.1.95/avrtoolchain/bin/../lib/gcc/avr/4.6.2/avr5\libgcc.a(_clear_bss.o)
 *(.gnu.linkonce.wi.*)

.debug_abbrev   0x00000000      0x6f4
 *(.debug_abbrev)
 .debug_abbrev  0x00000000      0x13a App/The Safe.o
 .debug_abbrev  0x0000013a       0x67 HAL/KeyPad/KEYPAD_cfg.o
 .debug_abbrev  0x000001a1       0xd4 HAL/KeyPad/KEYPAD_prg.o
 .debug_abbrev  0x00000275      0x250 HAL/LCD/LCD_prg.o
 .debug_abbrev  0x000004c5       0x32 HAL/PORT/PORT_prg.o
 .debug_abbrev  0x000004f7      0x101 MCAL/DIO/DIO_prg.o
 .debug_abbrev  0x000005f8       0xac MCAL/EEPROM/EEPROM_prg.o
 .debug_abbrev  0x000006a4       0x14 e:/courses/embeeded system iti/iti training programms/atmel studio/extensions/atmel/avrgcc/3.4.1.95/avrtoolchain/bin/../lib/gcc/avr/4.6.2/avr5\libgcc.a(_udivmodsi4.o)
 .debug_abbrev  0x000006b8       0x14 e:/courses/embeeded system iti/iti training programms/atmel studio/extensions/atmel/avrgcc/3.4.1.95/avrtoolchain/bin/../lib/gcc/avr/4.6.2/avr5\libgcc.a(_exit.o)
 .debug_abbrev  0x000006cc       0x14 e:/courses/embeeded system iti/iti training programms/atmel studio/extensions/atmel/avrgcc/3.4.1.95/avrtoolchain/bin/../lib/gcc/avr/4.6.2/avr5\libgcc.a(_copy_data.o)
 .debug_abbrev  0x000006e0       0x14 e:/courses/embeeded system iti/iti training programms/atmel studio/extensions/atmel/avrgcc/3.4.1.95/avrtoolchain/bin/../lib/gcc/avr/4.6.2/avr5\libgcc.a(_clear_bss.o)

.debug_line     0x00000000      0xc3e
 *(.debug_line)
 .debug_line    0x00000000      0x2f1 App/The Safe.o
 .debug_line    0x000002f1       0x5f HAL/KeyPad/KEYPAD_cfg.o
 .debug_line    0x00000350       0xac HAL/KeyPad/KEYPAD_prg.o
 .debug_line    0x000003fc      0x336 HAL/LCD/LCD_prg.o
 .debug_line    0x00000732       0x45 HAL/PORT/PORT_prg.o
 .debug_line    0x00000777      0x1e7 MCAL/DIO/DIO_prg.o
 .debug_line    0x0000095e       0x91 MCAL/EEPROM/EEPROM_prg.o
 .debug_line    0x000009ef       0xa8 e:/courses/embeeded system iti/iti training programms/atmel studio/extensions/atmel/avrgcc/3.4.1.95/avrtoolchain/bin/../lib/gcc/avr/4.6.2/avr5\libgcc.a(_udivmodsi4.o)
 .debug_line    0x00000a97       0x88 e:/courses/embeeded system iti/iti training programms/atmel studio/extensions/atmel/avrgcc/3.4.1.95/avrtoolchain/bin/../lib/gcc/avr/4.6.2/avr5\libgcc.a(_exit.o)
 .debug_line    0x00000b1f       0x91 e:/courses/embeeded system iti/iti training programms/atmel studio/extensions/atmel/avrgcc/3.4.1.95/avrtoolchain/bin/../lib/gcc/avr/4.6.2/avr5\libgcc.a(_copy_data.o)
 .debug_line    0x00000bb0       0x8e e:/courses/embeeded system iti/iti training programms/atmel studio/extensions/atmel/avrgcc/3.4.1.95/avrtoolchain/bin/../lib/gcc/avr/4.6.2/avr5\libgcc.a(_clear_bss.o)

.debug_frame    0x00000000      0x2e0
 *(.debug_frame)
 .debug_frame   0x00000000       0x34 App/The Safe.o
 .debug_frame   0x00000034       0x94 HAL/KeyPad/KEYPAD_prg.o
 .debug_frame   0x000000c8      0x13c HAL/LCD/LCD_prg.o
 .debug_frame   0x00000204       0x24 HAL/PORT/PORT_prg.o
 .debug_frame   0x00000228       0x84 MCAL/DIO/DIO_prg.o
 .debug_frame   0x000002ac       0x34 MCAL/EEPROM/EEPROM_prg.o

.debug_str      0x00000000      0x631
 *(.debug_str)
 .debug_str     0x00000000      0x156 App/The Safe.o
                                0x18a (size before relaxing)
 .debug_str     0x00000156       0x79 HAL/KeyPad/KEYPAD_cfg.o
                                0x130 (size before relaxing)
 .debug_str     0x000001cf       0xc7 HAL/KeyPad/KEYPAD_prg.o
                                0x1dc (size before relaxing)
 .debug_str     0x00000296      0x1e0 HAL/LCD/LCD_prg.o
                                0x333 (size before relaxing)
 .debug_str     0x00000476       0x24 HAL/PORT/PORT_prg.o
                                 0xce (size before relaxing)
 .debug_str     0x0000049a      0x10c MCAL/DIO/DIO_prg.o
                                0x1cb (size before relaxing)
 .debug_str     0x000005a6       0x8b MCAL/EEPROM/EEPROM_prg.o
                                0x14a (size before relaxing)

.debug_loc      0x00000000     0x103f
 *(.debug_loc)
 .debug_loc     0x00000000      0x3d2 App/The Safe.o
 .debug_loc     0x000003d2      0x1c6 HAL/KeyPad/KEYPAD_prg.o
 .debug_loc     0x00000598      0x63d HAL/LCD/LCD_prg.o
 .debug_loc     0x00000bd5      0x422 MCAL/DIO/DIO_prg.o
 .debug_loc     0x00000ff7       0x48 MCAL/EEPROM/EEPROM_prg.o

.debug_macinfo
 *(.debug_macinfo)
OUTPUT(The Safe.elf elf32-avr)
LOAD linker stubs
